core_cm4.h:1677:22:__NVIC_EnableIRQ	16	static
fsl_common.h:419:28:EnableIRQ	16	static
fsl_port.h:415:20:PORT_SetPinInterruptConfig	24	static
RTOS-Project.c:115:13:_cbSendSystemDesc	8	static
RTOS-Project.c:124:6:SEGGER_SYSVIEW_Conf	8	static
RTOS-Project.c:176:13:print_dhcp_state	32	static
RTOS-Project.c:260:13:stack_init	48	static
RTOS-Project.c:331:13:main_thread	16	static
RTOS-Project.c:346:5:main	24	static
RTOS-Project.c:459:13:keepalive_task	32	static
RTOS-Project.c:488:5:SEGGER_SYSVIEW_X_GetTimestamp	16	static
